digraph Java {
	rankdir="TB";
	node[shape=plaintext]
	n1[label=<
		<table border='0' cellborder='1' cellspacing='0'>
			<tr>
				<td>Example</td>
			</tr>
		</table>
	>];
	n2[label=<
		<table border='0' cellborder='1' cellspacing='0'>
			<tr>
				<td rowspan='2'>Integer</td>
			</tr>
			<tr>
				<td>value: 42</td>
			</tr>
		</table>
	>];
	n1 -> n2[label="i1",fontsize=12];
	n1 -> n2[label="i2",fontsize=12];
	n3[label=<
		<table border='0' cellborder='1' cellspacing='0'>
			<tr>
				<td rowspan='2'>Integer</td>
			</tr>
			<tr>
				<td>value: 2020</td>
			</tr>
		</table>
	>];
	n1 -> n3[label="i3",fontsize=12];
	n4[label=<
		<table border='0' cellborder='1' cellspacing='0'>
			<tr>
				<td rowspan='2'>Integer</td>
			</tr>
			<tr>
				<td>value: 2020</td>
			</tr>
		</table>
	>];
	n1 -> n4[label="i4",fontsize=12];
	n5[label=<
		<table border='0' cellborder='1' cellspacing='0'>
			<tr>
				<td rowspan='2'>String</td>
			</tr>
			<tr>
				<td>hash: 0</td>
			</tr>
		</table>
	>];
	n6[label=<
		<table border='0' cellborder='1' cellspacing='0'>
			<tr>
				<td>char[]</td>
				<td>H</td>
				<td>e</td>
				<td>l</td>
				<td>l</td>
				<td>o</td>
				<td>W</td>
				<td>o</td>
				<td>r</td>
				<td>l</td>
				<td>d</td>
			</tr>
		</table>
	>];
	n5 -> n6[label="value",fontsize=12];
	n1 -> n5[label="s1",fontsize=12];
	n7[label=<
		<table border='0' cellborder='1' cellspacing='0'>
			<tr>
				<td rowspan='2'>String</td>
			</tr>
			<tr>
				<td>hash: 0</td>
			</tr>
		</table>
	>];
	n8[label=<
		<table border='0' cellborder='1' cellspacing='0'>
			<tr>
				<td>char[]</td>
				<td>H</td>
				<td>E</td>
				<td>L</td>
				<td>L</td>
				<td> </td>
				<td>O</td>
			</tr>
		</table>
	>];
	n7 -> n8[label="value",fontsize=12];
	n1 -> n7[label="s2",fontsize=12];
	n1 -> n5[label="s3",fontsize=12];
}
