digraph Java {
	rankdir="TB";
	node[shape=plaintext]
	n1[label=<
		<table border='0' cellborder='1' cellspacing='0'>
			<tr>
				<td rowspan='2'>String</td>
			</tr>
			<tr>
				<td>hash: 0</td>
			</tr>
		</table>
	>];
	n2[label=<
		<table border='0' cellborder='1' cellspacing='0'>
			<tr>
				<td>char[]</td>
				<td>H</td>
				<td>e</td>
				<td>l</td>
				<td>l</td>
				<td>o</td>
			</tr>
		</table>
	>];
	n1 -> n2[label="value",fontsize=12];
}
