digraph Java {
	rankdir="TB";
	node[shape=plaintext]
	n1[label=<
		<table border='0' cellborder='1' cellspacing='0'>
			<tr>
				<td rowspan='8'>HashMap</td>
			</tr>
			<tr>
				<td>keySet: null</td>
			</tr>
			<tr>
				<td>values: null</td>
			</tr>
			<tr>
				<td>size: 8</td>
			</tr>
			<tr>
				<td>modCount: 8</td>
			</tr>
			<tr>
				<td>threshold: 12</td>
			</tr>
			<tr>
				<td>loadFactor: 0.75</td>
			</tr>
			<tr>
				<td>entrySet: null</td>
			</tr>
		</table>
	>];
	n2[label=<
		<table border='0' cellborder='1' cellspacing='0' cellpadding='9'>
			<tr>
				<td>Node[]</td>
				<td port="f0"></td>
				<td port="f1"></td>
				<td port="f2"></td>
				<td port="f3"></td>
				<td port="f4"></td>
				<td port="f5"></td>
				<td port="f6"></td>
				<td port="f7"></td>
				<td port="f8"></td>
				<td port="f9"></td>
				<td port="f10"></td>
				<td port="f11"></td>
				<td port="f12"></td>
				<td port="f13"></td>
				<td port="f14"></td>
				<td port="f15"></td>
			</tr>
		</table>
	>];
	n3[label=<
		<table border='0' cellborder='1' cellspacing='0'>
			<tr>
				<td rowspan='4'>Node</td>
			</tr>
			<tr>
				<td>hash: 1952488608</td>
			</tr>
			<tr>
				<td>key: AaAaAa</td>
			</tr>
			<tr>
				<td>value: 0</td>
			</tr>
		</table>
	>];
	n4[label=<
		<table border='0' cellborder='1' cellspacing='0'>
			<tr>
				<td rowspan='4'>Node</td>
			</tr>
			<tr>
				<td>hash: 1952488608</td>
			</tr>
			<tr>
				<td>key: BBAaAa</td>
			</tr>
			<tr>
				<td>value: 1</td>
			</tr>
		</table>
	>];
	n5[label=<
		<table border='0' cellborder='1' cellspacing='0'>
			<tr>
				<td rowspan='4'>Node</td>
			</tr>
			<tr>
				<td>hash: 1952488608</td>
			</tr>
			<tr>
				<td>key: AaBBAa</td>
			</tr>
			<tr>
				<td>value: 2</td>
			</tr>
		</table>
	>];
	n6[label=<
		<table border='0' cellborder='1' cellspacing='0'>
			<tr>
				<td rowspan='4'>Node</td>
			</tr>
			<tr>
				<td>hash: 1952488608</td>
			</tr>
			<tr>
				<td>key: BBBBAa</td>
			</tr>
			<tr>
				<td>value: 3</td>
			</tr>
		</table>
	>];
	n7[label=<
		<table border='0' cellborder='1' cellspacing='0'>
			<tr>
				<td rowspan='4'>Node</td>
			</tr>
			<tr>
				<td>hash: 1952488608</td>
			</tr>
			<tr>
				<td>key: AaAaBB</td>
			</tr>
			<tr>
				<td>value: 4</td>
			</tr>
		</table>
	>];
	n8[label=<
		<table border='0' cellborder='1' cellspacing='0'>
			<tr>
				<td rowspan='4'>Node</td>
			</tr>
			<tr>
				<td>hash: 1952488608</td>
			</tr>
			<tr>
				<td>key: BBAaBB</td>
			</tr>
			<tr>
				<td>value: 5</td>
			</tr>
		</table>
	>];
	n9[label=<
		<table border='0' cellborder='1' cellspacing='0'>
			<tr>
				<td rowspan='4'>Node</td>
			</tr>
			<tr>
				<td>hash: 1952488608</td>
			</tr>
			<tr>
				<td>key: AaBBBB</td>
			</tr>
			<tr>
				<td>value: 6</td>
			</tr>
		</table>
	>];
	n10[label=<
		<table border='0' cellborder='1' cellspacing='0'>
			<tr>
				<td rowspan='5'>Node</td>
			</tr>
			<tr>
				<td>hash: 1952488608</td>
			</tr>
			<tr>
				<td>key: BBBBBB</td>
			</tr>
			<tr>
				<td>value: 7</td>
			</tr>
			<tr>
				<td>next: null</td>
			</tr>
		</table>
	>];
	n9 -> n10[label="next",fontsize=12];
	n8 -> n9[label="next",fontsize=12];
	n7 -> n8[label="next",fontsize=12];
	n6 -> n7[label="next",fontsize=12];
	n5 -> n6[label="next",fontsize=12];
	n4 -> n5[label="next",fontsize=12];
	n3 -> n4[label="next",fontsize=12];
	n2:f0 -> n3[label="0",fontsize=12];
	n1 -> n2[label="table",fontsize=12];
}
